

================================================================
== Synthesis Summary Report of 'workload'
================================================================
+ General Information: 
    * Date:           Sat Nov 26 18:43:02 2022
    * Version:        2020.2.2 (Build 3118627 on Tue Feb  9 05:13:49 MST 2021)
    * Project:        3D.prj
    * Solution:       solution1 (Vivado IP Flow Target)
    * Product family: virtexuplus
    * Target device:  xcu50-fsvh2104-2-e
    

+ Performance & Resource Estimates: 
    
    PS: '+' for module; 'o' for loop; '*' for dataflow
    +---------------------------+------+-------+------------+-----------+----------+------------+--------+----------+---------+---------+-------------+-----------+-----+
    |          Modules          | Issue|       |  Latency   |  Latency  | Iteration|            |  Trip  |          |         |         |             |           |     |
    |          & Loops          | Type | Slack |  (cycles)  |    (ns)   |  Latency |  Interval  |  Count | Pipelined|  BRAM   |   DSP   |      FF     |    LUT    | URAM|
    +---------------------------+------+-------+------------+-----------+----------+------------+--------+----------+---------+---------+-------------+-----------+-----+
    |+ workload                 |     -|  -0.00|  1258379201|  4.190e+09|         -|  1258379202|       -|        no|  50 (1%)|  88 (1%)|  12948 (~0%)|  9088 (1%)|    -|
    | o ITER_LOOP_TILE_LOOP     |     -|  -2.43|  1258379200|  4.190e+09|   1572974|           -|     800|        no|        -|        -|            -|          -|    -|
    |  o ITER_LOOP_TILE_LOOP.1  |     -|  -2.43|      786441|  2.619e+06|        11|           1|  786432|       yes|        -|        -|            -|          -|    -|
    |  o ITER_LOOP_TILE_LOOP.2  |     -|  -2.43|      262145|  8.729e+05|         3|           1|  262144|       yes|        -|        -|            -|          -|    -|
    |  o R_LOOP_C_LOOP          |     -|  -2.43|      262222|  8.732e+05|        80|           1|  262144|       yes|        -|        -|            -|          -|    -|
    |  o ITER_LOOP_TILE_LOOP.4  |     -|  -2.43|      262150|  8.730e+05|         8|           1|  262144|       yes|        -|        -|            -|          -|    -|
    +---------------------------+------+-------+------------+-----------+----------+------------+--------+----------+---------+---------+-------------+-----------+-----+

