

================================================================
== Synthesis Summary Report of 'workload'
================================================================
+ General Information: 
    * Date:           Sun Nov 27 14:06:19 2022
    * Version:        2020.2.2 (Build 3118627 on Tue Feb  9 05:13:49 MST 2021)
    * Project:        3D.prj
    * Solution:       solution1 (Vivado IP Flow Target)
    * Product family: virtexuplus
    * Target device:  xcu50-fsvh2104-2-e
    

+ Performance & Resource Estimates: 
    
    PS: '+' for module; 'o' for loop; '*' for dataflow
    +---------------------------------------+------+-------+------------+-----------+----------+------------+--------+----------+---------+----------+-------------+------------+-----+
    |                Modules                | Issue|       |  Latency   |  Latency  | Iteration|            |  Trip  |          |         |          |             |            |     |
    |                & Loops                | Type | Slack |  (cycles)  |    (ns)   |  Latency |  Interval  |  Count | Pipelined|  BRAM   |    DSP   |      FF     |     LUT    | URAM|
    +---------------------------------------+------+-------+------------+-----------+----------+------------+--------+----------+---------+----------+-------------+------------+-----+
    |+ workload                             |     -|  -0.00|  4823536001|  1.606e+10|         -|  4823536002|       -|        no|  78 (2%)|  22 (~0%)|  11585 (~0%)|  32922 (3%)|    -|
    | + grp_load_fu_446                     |     -|  -0.00|     1048598|  3.492e+06|         -|     1048598|       -|        no|        -|         -|   2511 (~0%)|  17617 (2%)|    -|
    |  o VITIS_LOOP_45_1_VITIS_LOOP_52_2    |     -|  -2.43|      524290|  1.746e+06|         4|           1|  524288|       yes|        -|         -|            -|           -|    -|
    |  o VITIS_LOOP_66_3_VITIS_LOOP_73_4    |     -|  -2.43|      786434|  2.619e+06|         4|           1|  786432|       yes|        -|         -|            -|           -|    -|
    |  o VITIS_LOOP_84_5_VITIS_LOOP_91_6    |     -|  -2.43|      262146|  8.729e+05|         4|           1|  262144|       yes|        -|         -|            -|           -|    -|
    | o ITER_LOOP_TILE_LOOP                 |     -|  -2.43|  4823536000|  1.606e+10|   6029420|           -|     800|        no|        -|         -|            -|           -|    -|
    |  o R_LOOP_C_LOOP                      |    II|  -2.43|     1048654|  3.492e+06|        83|           4|  262144|       yes|        -|         -|            -|           -|    -|
    |  o VITIS_LOOP_108_1_VITIS_LOOP_115_2  |    II|  -2.43|     3932161|  1.309e+07|        16|          15|  262144|       yes|        -|         -|            -|           -|    -|
    +---------------------------------------+------+-------+------------+-----------+----------+------------+--------+----------+---------+----------+-------------+------------+-----+

